// Jest Snapshot v1, https://goo.gl/fbAQLP

exports[`Home Component Match SnapShot 1`] = `
<div
  className="MuiTypography-root makeStyles-home-21 MuiTypography-body1"
>
  <header
    className="MuiPaper-root MuiAppBar-root MuiAppBar-positionFixed MuiAppBar-colorPrimary mui-fixed MuiPaper-elevation4"
  >
    <div
      className="MuiToolbar-root MuiToolbar-regular makeStyles-toolbar-27 MuiToolbar-gutters"
    >
      <h6
        className="MuiTypography-root makeStyles-logo-28 MuiTypography-h6"
      >
        Fetch-Post
      </h6>
      <div
        className="makeStyles-search-29"
      >
        <svg
          aria-hidden={true}
          className="MuiSvgIcon-root"
          focusable="false"
          viewBox="0 0 24 24"
        >
          <path
            d="M15.5 14h-.79l-.28-.27C15.41 12.59 16 11.11 16 9.5 16 5.91 13.09 3 9.5 3S3 5.91 3 9.5 5.91 16 9.5 16c1.61 0 3.09-.59 4.23-1.57l.27.28v.79l5 4.99L20.49 19l-4.99-5zm-6 0C7.01 14 5 11.99 5 9.5S7.01 5 9.5 5 14 7.01 14 9.5 11.99 14 9.5 14z"
          />
        </svg>
        <div
          className="MuiInputBase-root makeStyles-input-30"
          data-testid="searchBar"
          onClick={[Function]}
        >
          <input
            className="MuiInputBase-input"
            onAnimationStart={[Function]}
            onBlur={[Function]}
            onChange={[Function]}
            onFocus={[Function]}
            placeholder="Search..."
            type="text"
            value="SearchData"
          />
        </div>
      </div>
    </div>
  </header>
  <div
    className="MuiPaper-root MuiTableContainer-root makeStyles-tableContainer-22 MuiPaper-elevation1 MuiPaper-rounded"
    onScroll={[Function]}
  >
    <table
      aria-label="simple table"
      className="MuiTable-root makeStyles-table-23"
      role={null}
    >
      <thead
        className="MuiTableHead-root"
        role={null}
      >
        <tr
          className="MuiTableRow-root MuiTableRow-head"
          data-testid="tableRow"
          role={null}
        >
          <th
            aria-sort={null}
            className="MuiTableCell-root MuiTableCell-head makeStyles-heading-24 MuiTableCell-alignCenter"
            data-testid="serialNo"
            scope="col"
          >
            Sr. No.
          </th>
          <th
            aria-sort={null}
            className="MuiTableCell-root MuiTableCell-head makeStyles-heading-24 MuiTableCell-alignCenter"
            data-testid="title"
            scope="col"
          >
            Title
          </th>
          <th
            aria-sort={null}
            className="MuiTableCell-root MuiTableCell-head makeStyles-heading-24 MuiTableCell-alignCenter"
            scope="col"
          >
            URL
          </th>
          <th
            aria-sort={null}
            className="MuiTableCell-root MuiTableCell-head makeStyles-heading-24 MuiTableCell-alignCenter"
            scope="col"
          >
            Created_at
          </th>
          <th
            aria-sort={null}
            className="MuiTableCell-root MuiTableCell-head makeStyles-heading-24 MuiTableCell-alignCenter"
            scope="col"
          >
            Author
          </th>
        </tr>
      </thead>
      <tbody
        className="MuiTableBody-root"
        role={null}
      />
    </table>
  </div>
</div>
`;
